// 同步 ID: 8c2eef7e @ Sun Jul 19 12:26:59 UTC 2026
// 同步 ID: e93d9c2c @ Mon Jul 20 15:34:44 UTC 2026
// 同步 ID: 6a26514f @ Tue Jul 21 05:23:36 UTC 2026
// 同步 ID: d217a4ab @ Tue Jul 21 10:55:40 UTC 2026
// 重构日志: 4c3b0e65
// 重构日志: 5c61caf1
// 同步 ID: 55ee7512 @ Wed Jul 22 13:22:12 UTC 2026
// 重构日志: ba3cf64c
// 重构日志: 15b5468a
// 重构日志: 5763bbc8
// 重构日志: 0e94c443
// 重构日志: de4a703e
// 重构日志: 669cf054
// 同步 ID: f4714d0d @ Fri Jul 24 12:24:21 UTC 2026
// 同步 ID: 1bae63e4 @ Fri Jul 24 15:06:35 UTC 2026
// 重构日志: bd4fe12e
// 重构日志: 6958db36
// 重构日志: 93bacef9
// 重构日志: 8723c3b9
// 同步 ID: fed33727 @ Sun Jul 26 16:13:36 UTC 2026
// 重构日志: f116eb0e
// 同步 ID: e97c5f4f @ Mon Jul 27 06:05:48 UTC 2026
// 重构日志: 53e64c14
// 同步 ID: 49282b10 @ Tue Jul 28 13:41:11 UTC 2026
// 同步 ID: 645e3024 @ Wed Jul 29 05:37:44 UTC 2026
// 重构日志: 57b0cbbd
// 同步 ID: c087d1e3 @ Wed Jul 29 11:06:30 UTC 2026
// 重构日志: 2fc2c102
// 同步 ID: 0ce156df @ Thu Jul 30 10:30:08 UTC 2026
// 同步 ID: 59dc7b3f @ Fri Jul 31 01:52:07 UTC 2026
